INFO: 2025-06-23 20:24:29,797: main() 'Using profile folder /home/pd0rk1n/.config/variety/'
INFO: 2025-06-23 20:24:29,802: perform_upgrade() 'Last run version was 0.8.13 or earlier, current version is 0.8.13'
INFO: 2025-06-23 20:24:29,810: process_command() 'Received command: []'
INFO: 2025-06-23 20:24:29,813: start() 'Using data_path /usr/share/variety'
INFO: 2025-06-23 20:24:29,814: load() 'Jumble loading'
INFO: 2025-06-23 20:24:29,814: _walk_modules() 'Jumble loading module in __init__ from /usr/lib/python3.13/site-packages/variety/plugins/builtin/__init__.py'
INFO: 2025-06-23 20:24:29,815: _walk_modules() 'Jumble loading module in __init__ from /usr/lib/python3.13/site-packages/variety/plugins/builtin/display_modes/__init__.py'
INFO: 2025-06-23 20:24:29,815: _walk_modules() 'Jumble loading module in ResizingDisplayModesPlugin from /usr/lib/python3.13/site-packages/variety/plugins/builtin/display_modes/ResizingDisplayModesPlugin.py'
INFO: 2025-06-23 20:24:29,816: load() 'Jumble found plugin class: <class 'ResizingDisplayModesPlugin.ResizingDisplayModesPlugin'>: {'name': 'ResizingDisplayModesPlugin', 'description': 'Display modes that use image resizing within Variety', 'version': '1.0', 'author': 'Peter Levi'}'
INFO: 2025-06-23 20:24:29,816: _walk_modules() 'Jumble loading module in LegacyDisplayModesPlugin from /usr/lib/python3.13/site-packages/variety/plugins/builtin/display_modes/LegacyDisplayModesPlugin.py'
INFO: 2025-06-23 20:24:29,817: load() 'Jumble found plugin class: <class 'LegacyDisplayModesPlugin.LegacyDisplayModesPlugin'>: {'name': 'LegacyDisplayModesPlugin', 'description': 'Legacy display mode for compatibility with past Variety versions', 'version': '1.0', 'author': 'Peter Levi'}'
INFO: 2025-06-23 20:24:29,817: _walk_modules() 'Jumble loading module in GnomeDisplayModesPlugin from /usr/lib/python3.13/site-packages/variety/plugins/builtin/display_modes/GnomeDisplayModesPlugin.py'
INFO: 2025-06-23 20:24:29,817: load() 'Jumble found plugin class: <class 'GnomeDisplayModesPlugin.GnomeDisplayModesPlugin'>: {'name': 'GnomeDisplayModesPlugin', 'description': 'Display modes relying on the underlying desktop environment', 'version': '1.0', 'author': 'Peter Levi'}'
INFO: 2025-06-23 20:24:29,818: _walk_modules() 'Jumble loading module in __init__ from /usr/lib/python3.13/site-packages/variety/plugins/builtin/downloaders/__init__.py'
INFO: 2025-06-23 20:24:29,818: _walk_modules() 'Jumble loading module in EarthviewDownloader from /usr/lib/python3.13/site-packages/variety/plugins/builtin/downloaders/EarthviewDownloader.py'
INFO: 2025-06-23 20:24:29,819: load() 'Jumble found plugin class: <class 'EarthviewDownloader.EarthviewDownloader'>: {'name': 'EarthviewDownloader', 'description': 'Google Earth View Wallpapers', 'author': 'Peter Levi', 'version': '0.1'}'
INFO: 2025-06-23 20:24:29,819: _walk_modules() 'Jumble loading module in UnsplashDownloader from /usr/lib/python3.13/site-packages/variety/plugins/builtin/downloaders/UnsplashDownloader.py'
INFO: 2025-06-23 20:24:29,820: load() 'Jumble found plugin class: <class 'UnsplashDownloader.UnsplashDownloader'>: {'name': 'UnsplashDownloader', 'description': 'High-resolution photos from Unsplash.com', 'author': 'Peter Levi', 'version': '0.1'}'
INFO: 2025-06-23 20:24:29,820: _walk_modules() 'Jumble loading module in ArtStationDownloader from /usr/lib/python3.13/site-packages/variety/plugins/builtin/downloaders/ArtStationDownloader.py'
INFO: 2025-06-23 20:24:29,821: _walk_modules() 'Jumble loading module in BingDownloader from /usr/lib/python3.13/site-packages/variety/plugins/builtin/downloaders/BingDownloader.py'
INFO: 2025-06-23 20:24:29,822: load() 'Jumble found plugin class: <class 'BingDownloader.BingDownloader'>: {'name': 'BingDownloader', 'description': 'Bing Photo of the Day', 'author': 'Peter Levi', 'version': '0.1'}'
INFO: 2025-06-23 20:24:29,822: _walk_modules() 'Jumble loading module in RedditDownloader from /usr/lib/python3.13/site-packages/variety/plugins/builtin/downloaders/RedditDownloader.py'
INFO: 2025-06-23 20:24:29,824: _walk_modules() 'Jumble loading module in MediaRSSDownloader from /usr/lib/python3.13/site-packages/variety/plugins/builtin/downloaders/MediaRSSDownloader.py'
INFO: 2025-06-23 20:24:29,825: _walk_modules() 'Jumble loading module in ArtStationSource from /usr/lib/python3.13/site-packages/variety/plugins/builtin/downloaders/ArtStationSource.py'
INFO: 2025-06-23 20:24:29,827: load() 'Jumble found plugin class: <class 'ArtStationSource.ArtStationSource'>: {'name': 'ArtStationSource', 'description': 'Configurable source for fetching images from ArtStation', 'author': 'Denis Gordeev', 'version': '0.1'}'
INFO: 2025-06-23 20:24:29,827: _walk_modules() 'Jumble loading module in WallhavenSource from /usr/lib/python3.13/site-packages/variety/plugins/builtin/downloaders/WallhavenSource.py'
INFO: 2025-06-23 20:24:29,830: load() 'Jumble found plugin class: <class 'WallhavenSource.WallhavenSource'>: {'name': 'WallhavenSource', 'description': 'Configurable source for fetching images from Wallhaven.cc', 'author': 'Peter Levi', 'version': '0.1'}'
INFO: 2025-06-23 20:24:29,830: _walk_modules() 'Jumble loading module in MediaRSSSource from /usr/lib/python3.13/site-packages/variety/plugins/builtin/downloaders/MediaRSSSource.py'
INFO: 2025-06-23 20:24:29,832: load() 'Jumble found plugin class: <class 'MediaRSSSource.MediaRSSSource'>: {'name': 'MediaRSSSource', 'description': 'Configurable source for fetching images from MediaRSS feeds', 'author': 'Peter Levi', 'version': '0.1'}'
INFO: 2025-06-23 20:24:29,832: _walk_modules() 'Jumble loading module in UnsplashConfigurableSource from /usr/lib/python3.13/site-packages/variety/plugins/builtin/downloaders/UnsplashConfigurableSource.py'
INFO: 2025-06-23 20:24:29,834: load() 'Jumble found plugin class: <class 'UnsplashConfigurableSource.UnsplashConfigurableSource'>: {'name': 'UnsplashConfigurableSource', 'description': 'Configurable source for fetching photos from Unsplash.com', 'author': 'Peter Levi', 'version': '0.1'}'
INFO: 2025-06-23 20:24:29,834: _walk_modules() 'Jumble loading module in NationalGeographicDownloader from /usr/lib/python3.13/site-packages/variety/plugins/builtin/downloaders/NationalGeographicDownloader.py'
INFO: 2025-06-23 20:24:29,835: load() 'Jumble found plugin class: <class 'NationalGeographicDownloader.NationalGeographicDownloader'>: {'name': 'NationalGeographicDownloader', 'description': "National Geographic's photo of the day", 'author': 'Eric Rösch', 'version': '0.1'}'
INFO: 2025-06-23 20:24:29,835: _walk_modules() 'Jumble loading module in WallhavenDownloader from /usr/lib/python3.13/site-packages/variety/plugins/builtin/downloaders/WallhavenDownloader.py'
INFO: 2025-06-23 20:24:29,838: _walk_modules() 'Jumble loading module in APODDownloader from /usr/lib/python3.13/site-packages/variety/plugins/builtin/downloaders/APODDownloader.py'
INFO: 2025-06-23 20:24:29,840: load() 'Jumble found plugin class: <class 'APODDownloader.APODDownloader'>: {'name': 'APODDownloader', 'description': 'NASA Astro Pic of the Day', 'author': 'Peter Levi', 'version': '0.1'}'
INFO: 2025-06-23 20:24:29,840: _walk_modules() 'Jumble loading module in RedditSource from /usr/lib/python3.13/site-packages/variety/plugins/builtin/downloaders/RedditSource.py'
INFO: 2025-06-23 20:24:29,842: load() 'Jumble found plugin class: <class 'RedditSource.RedditSource'>: {'name': 'RedditSource', 'description': 'Configurable source for fetching images from Reddit', 'author': 'Peter Levi', 'version': '0.1'}'
INFO: 2025-06-23 20:24:29,842: _walk_modules() 'Jumble loading module in WallhavenLegacyDownloader from /usr/lib/python3.13/site-packages/variety/plugins/builtin/downloaders/WallhavenLegacyDownloader.py'
INFO: 2025-06-23 20:24:29,843: _walk_modules() 'Jumble loading module in __init__ from /usr/lib/python3.13/site-packages/variety/plugins/builtin/quotes/__init__.py'
INFO: 2025-06-23 20:24:29,844: _walk_modules() 'Jumble loading module in LocalFilesSource from /usr/lib/python3.13/site-packages/variety/plugins/builtin/quotes/LocalFilesSource.py'
INFO: 2025-06-23 20:24:29,845: load() 'Jumble found plugin class: <class 'LocalFilesSource.LocalFilesSource'>: {'name': 'Local text files', 'description': 'Displays quotes, defined in local text files.\nPut your own txt files in: ~/.config/variety/pluginconfig/quotes/.\nThe file format is:\n\nquote -- author\n.\nsecond quote -- another author\n.\netc...\n\nExample: http://rvelthuis.de/zips/quotes.txt', 'author': 'Peter Levi', 'version': '0.1'}'
INFO: 2025-06-23 20:24:29,845: _walk_modules() 'Jumble loading module in GoodreadsSource from /usr/lib/python3.13/site-packages/variety/plugins/builtin/quotes/GoodreadsSource.py'
INFO: 2025-06-23 20:24:29,892: load() 'Jumble found plugin class: <class 'GoodreadsSource.GoodreadsSource'>: {'name': 'Goodreads', 'description': 'Fetches quotes from Goodreads.com', 'author': 'Peter Levi', 'version': '0.1'}'
INFO: 2025-06-23 20:24:29,893: _walk_modules() 'Jumble loading module in QuotationsPageSource from /usr/lib/python3.13/site-packages/variety/plugins/builtin/quotes/QuotationsPageSource.py'
INFO: 2025-06-23 20:24:29,894: load() 'Jumble found plugin class: <class 'QuotationsPageSource.QuotationsPageSource'>: {'name': 'TheQuotationsPage.com', 'description': 'Fetches quotes from TheQuotationsPage.com', 'author': 'Peter Levi', 'version': '0.1'}'
INFO: 2025-06-23 20:24:29,894: _walk_modules() 'Jumble loading module in UrbanDictionarySource from /usr/lib/python3.13/site-packages/variety/plugins/builtin/quotes/UrbanDictionarySource.py'
INFO: 2025-06-23 20:24:29,895: load() 'Jumble found plugin class: <class 'UrbanDictionarySource.UrbanDictionarySource'>: {'name': 'Urban Dictionary', 'description': 'Displays definitions from Urban Dictionary', 'author': 'James Miller', 'version': '0.1'}'
INFO: 2025-06-23 20:24:29,895: _walk_modules() 'Jumble loading module in FortuneSource from /usr/lib/python3.13/site-packages/variety/plugins/builtin/quotes/FortuneSource.py'
INFO: 2025-06-23 20:24:29,897: load() 'Jumble found plugin class: <class 'FortuneSource.FortuneSource'>: {'name': 'UNIX fortune program', 'description': 'Displays quotes using the UNIX fortune program. You may want to install additional fortune packs, e.g. fortunes-bofh-excuses.', 'author': 'Dan Jones', 'version': '0.1'}'
INFO: 2025-06-23 20:24:29,917: reload_config() 'Creating new downloader for type wallhaven, location space'
INFO: 2025-06-23 20:24:29,917: reload_config() 'Creating new downloader for type wallhaven, location minimal'
INFO: 2025-06-23 20:24:29,917: reload_config() 'Creating new downloader for type wallhaven, location scifi'
INFO: 2025-06-23 20:24:29,917: reload_config() 'Creating new downloader for type wallhaven, location simple'
INFO: 2025-06-23 20:24:29,918: reload_config() 'Creating new downloader for type wallhaven, location abstract'
INFO: 2025-06-23 20:24:29,920: log_options() 'Loaded options:'
INFO: 2025-06-23 20:24:29,920: log_options() 'change_enabled = True'
INFO: 2025-06-23 20:24:29,920: log_options() 'change_interval = 600'
INFO: 2025-06-23 20:24:29,920: log_options() 'change_on_start = True'
INFO: 2025-06-23 20:24:29,920: log_options() 'clipboard_enabled = False'
INFO: 2025-06-23 20:24:29,920: log_options() 'clipboard_hosts = ['wallhaven.cc', 'wallpapers.net', 'flickr.com', 'imgur.com', 'deviantart.com', 'interfacelift.com', 'vladstudio.com', 'imageshack.us', 'deviantart.net', 'imageshack.com']'
INFO: 2025-06-23 20:24:29,920: log_options() 'clipboard_use_whitelist = True'
INFO: 2025-06-23 20:24:29,920: log_options() 'clock_date_font = Serif 30'
INFO: 2025-06-23 20:24:29,920: log_options() 'clock_enabled = False'
INFO: 2025-06-23 20:24:29,920: log_options() 'clock_filter = -density 100 -font `fc-match -f '%{file[0]}' '%CLOCK_FONT_NAME'` -pointsize %CLOCK_FONT_SIZE -gravity SouthEast -fill '#00000044' -annotate 0x0+[%HOFFSET+58]+[%VOFFSET+108] '%H:%M' -fill white -annotate 0x0+[%HOFFSET+60]+[%VOFFSET+110] '%H:%M' -font `fc-match -f '%{file[0]}' '%DATE_FONT_NAME'` -pointsize %DATE_FONT_SIZE -fill '#00000044' -annotate 0x0+[%HOFFSET+58]+[%VOFFSET+58] '%A, %B %d' -fill white -annotate 0x0+[%HOFFSET+60]+[%VOFFSET+60] '%A, %B %d''
INFO: 2025-06-23 20:24:29,920: log_options() 'clock_font = Serif 70'
INFO: 2025-06-23 20:24:29,920: log_options() 'configfile = /home/pd0rk1n/.config/variety/variety.conf'
INFO: 2025-06-23 20:24:29,920: log_options() 'copyto_enabled = False'
INFO: 2025-06-23 20:24:29,920: log_options() 'copyto_folder = Default'
INFO: 2025-06-23 20:24:29,920: log_options() 'desired_color = [160, 160, 160]'
INFO: 2025-06-23 20:24:29,920: log_options() 'desired_color_enabled = False'
INFO: 2025-06-23 20:24:29,920: log_options() 'download_folder = /home/pd0rk1n/.config/variety/Downloaded'
INFO: 2025-06-23 20:24:29,920: log_options() 'download_preference_ratio = 0.9'
INFO: 2025-06-23 20:24:29,920: log_options() 'favorites_folder = /home/pd0rk1n/.config/variety/Favorites'
INFO: 2025-06-23 20:24:29,921: log_options() 'favorites_operations = [['Downloaded', 'Copy'], ['Fetched', 'Move'], ['Others', 'Copy']]'
INFO: 2025-06-23 20:24:29,921: log_options() 'fetched_folder = /home/pd0rk1n/.config/variety/Fetched'
INFO: 2025-06-23 20:24:29,921: log_options() 'filters = [[False, 'Keep original', ''], [False, 'Grayscale', '-type Grayscale'], [False, 'Heavy blur', '-scale 20% -blur 0x10 -resize 500%'], [False, 'Soft blur', '-scale 20% -blur 0x2 -resize 500%'], [False, 'Oil painting', '-paint 8'], [False, 'Pointilism', '-spread 10 -noise 3'], [False, 'Pixellate', '-scale 3% -scale 3333%']]'
INFO: 2025-06-23 20:24:29,921: log_options() 'get_wallpaper_script = /home/pd0rk1n/.config/variety/scripts/get_wallpaper_arco'
INFO: 2025-06-23 20:24:29,921: log_options() 'icon = Light'
INFO: 2025-06-23 20:24:29,921: log_options() 'internet_enabled = True'
INFO: 2025-06-23 20:24:29,921: log_options() 'lightness_enabled = False'
INFO: 2025-06-23 20:24:29,921: log_options() 'lightness_mode = 0'
INFO: 2025-06-23 20:24:29,921: log_options() 'min_rating = 4'
INFO: 2025-06-23 20:24:29,921: log_options() 'min_rating_enabled = False'
INFO: 2025-06-23 20:24:29,921: log_options() 'min_size = 80'
INFO: 2025-06-23 20:24:29,921: log_options() 'min_size_enabled = True'
INFO: 2025-06-23 20:24:29,921: log_options() 'name_regex = .*'
INFO: 2025-06-23 20:24:29,921: log_options() 'name_regex_enabled = False'
INFO: 2025-06-23 20:24:29,921: log_options() 'quota_enabled = True'
INFO: 2025-06-23 20:24:29,922: log_options() 'quota_size = 1000'
INFO: 2025-06-23 20:24:29,922: log_options() 'quotes_authors = '
INFO: 2025-06-23 20:24:29,922: log_options() 'quotes_bg_color = [80, 80, 80]'
INFO: 2025-06-23 20:24:29,922: log_options() 'quotes_bg_opacity = 55'
INFO: 2025-06-23 20:24:29,922: log_options() 'quotes_change_enabled = False'
INFO: 2025-06-23 20:24:29,922: log_options() 'quotes_change_interval = 300'
INFO: 2025-06-23 20:24:29,922: log_options() 'quotes_disabled_sources = ['Urban Dictionary']'
INFO: 2025-06-23 20:24:29,922: log_options() 'quotes_enabled = False'
INFO: 2025-06-23 20:24:29,922: log_options() 'quotes_favorites_file = /home/pd0rk1n/.config/variety/favorite_quotes.txt'
INFO: 2025-06-23 20:24:29,922: log_options() 'quotes_font = Serif 30'
INFO: 2025-06-23 20:24:29,922: log_options() 'quotes_hpos = 100'
INFO: 2025-06-23 20:24:29,922: log_options() 'quotes_max_length = 250'
INFO: 2025-06-23 20:24:29,922: log_options() 'quotes_tags = '
INFO: 2025-06-23 20:24:29,922: log_options() 'quotes_text_color = [255, 255, 255]'
INFO: 2025-06-23 20:24:29,922: log_options() 'quotes_text_shadow = False'
INFO: 2025-06-23 20:24:29,922: log_options() 'quotes_vpos = 40'
INFO: 2025-06-23 20:24:29,922: log_options() 'quotes_width = 70'
INFO: 2025-06-23 20:24:29,922: log_options() 'safe_mode = False'
INFO: 2025-06-23 20:24:29,922: log_options() 'set_wallpaper_script = /home/pd0rk1n/.config/variety/scripts/set_wallpaper_arco'
INFO: 2025-06-23 20:24:29,922: log_options() 'slideshow_custom_enabled = False'
INFO: 2025-06-23 20:24:29,922: log_options() 'slideshow_custom_folder = /home/pd0rk1n/Pictures'
INFO: 2025-06-23 20:24:29,923: log_options() 'slideshow_downloads_enabled = False'
INFO: 2025-06-23 20:24:29,923: log_options() 'slideshow_fade = 0.4'
INFO: 2025-06-23 20:24:29,923: log_options() 'slideshow_favorites_enabled = True'
INFO: 2025-06-23 20:24:29,923: log_options() 'slideshow_mode = Fullscreen'
INFO: 2025-06-23 20:24:29,923: log_options() 'slideshow_monitor = All'
INFO: 2025-06-23 20:24:29,923: log_options() 'slideshow_pan = 0.05'
INFO: 2025-06-23 20:24:29,923: log_options() 'slideshow_seconds = 6.0'
INFO: 2025-06-23 20:24:29,923: log_options() 'slideshow_sort_order = Random'
INFO: 2025-06-23 20:24:29,923: log_options() 'slideshow_sources_enabled = True'
INFO: 2025-06-23 20:24:29,923: log_options() 'slideshow_zoom = 0.2'
INFO: 2025-06-23 20:24:29,923: log_options() 'smart_enabled = False'
INFO: 2025-06-23 20:24:29,923: log_options() 'smart_notice_shown = False'
INFO: 2025-06-23 20:24:29,923: log_options() 'smart_register_shown = False'
INFO: 2025-06-23 20:24:29,923: log_options() 'sources = [[True, 'favorites', 'The Favorites folder'], [False, 'fetched', 'The Fetched folder'], [False, 'folder', '/usr/share/backgrounds'], [False, 'flickr', 'user:www.flickr.com/photos/peter-levi/;user_id:93647178@N00;'], [False, 'apod', "NASA's Astronomy Picture of the Day"], [False, 'bing', 'Bing Photo of the Day'], [False, 'earthview', 'Google Earth View Wallpapers'], [False, 'natgeo', "National Geographic's photo of the day"], [False, 'unsplash', 'High-resolution photos from Unsplash.com'], [True, 'wallhaven', 'space'], [True, 'wallhaven', 'minimal'], [True, 'wallhaven', 'scifi'], [True, 'wallhaven', 'simple'], [True, 'wallhaven', 'abstract'], [True, 'folder', '/home/erik/Templates/wallpapers/wallhaven']]'
INFO: 2025-06-23 20:24:29,923: log_options() 'stats_enabled = True'
INFO: 2025-06-23 20:24:29,923: log_options() 'stats_notice_shown = False'
INFO: 2025-06-23 20:24:29,923: log_options() 'sync_enabled = True'
INFO: 2025-06-23 20:24:29,923: log_options() 'use_landscape_enabled = True'
INFO: 2025-06-23 20:24:29,923: log_options() 'wallhaven_api_key = '
INFO: 2025-06-23 20:24:29,923: log_options() 'wallpaper_auto_rotate = True'
INFO: 2025-06-23 20:24:29,923: log_options() 'wallpaper_display_mode = os'
INFO: 2025-06-23 20:24:29,923: reload_config() 'No need to clear prepared queue'
INFO: 2025-06-23 20:24:29,923: update_indicator() 'Setting file info to: /home/pd0rk1n/.config/variety/Downloaded/wallhaven_space/wallhaven-1pr3w1.png'
INFO: 2025-06-23 20:24:29,933: load_banned() 'Missing or invalid banned URLs list, no URLs will be banned'
INFO: 2025-06-23 20:24:29,933: load_last_change_time() 'Change interval < 6 hours, ignore persisted last_change_time, wait initially the whole interval: 600'
INFO: 2025-06-23 20:24:29,933: update_indicator() 'Setting file info to: /home/pd0rk1n/.config/variety/Downloaded/wallhaven_space/wallhaven-1pr3w1.png'
INFO: 2025-06-23 20:24:29,935: regular_change_thread() 'regular_change thread running'
INFO: 2025-06-23 20:24:29,936: prepare_thread() 'Prepare thread running'
INFO: 2025-06-23 20:24:29,937: prepare_thread() 'Prepared buffer contains 0 images'
INFO: 2025-06-23 20:24:29,937: prepare_thread() 'Preparing some images'
INFO: 2025-06-23 20:24:29,947: update_indicator_icon() 'Creating indicator'
WARNING: 2025-06-23 20:24:29,962: create_menu() 'Variety Slideshow is not installed. This is an optional extension adding pan-and-zoom slideshows to Variety: see https://github.com/peterlevi/variety-slideshow for details'
INFO: 2025-06-23 20:24:29,963: create_indicator() 'indicator backend: AyatanaAppIndicator3'
INFO: 2025-06-23 20:24:29,998: set_from_theme_icon() 'Showing indicator icon variety-indicator from GTK theme'
INFO: 2025-06-23 20:24:30,033: do_set_wp() 'Calling do_set_wp with /home/pd0rk1n/.config/variety/Downloaded/wallhaven_space/wallhaven-1pr3w1.png, time: 1750724670.033708'
INFO: 2025-06-23 20:24:30,035: apply_auto_rotate() 'ImageMagick auto-rotate cmd: convert /home/pd0rk1n/.config/variety/Downloaded/wallhaven_space/wallhaven-1pr3w1.png -auto-orient /home/pd0rk1n/.config/variety/wallpaper/wallpaper-auto-rotated-503ba07f9ce67a7bf6aa245ab47a5ac6.jpg'
INFO: 2025-06-23 20:24:30,036: prepare_thread() 'After search prepared buffer contains 90 images'
INFO: 2025-06-23 20:24:30,218: update_indicator() 'Setting file info to: /home/pd0rk1n/.config/variety/Downloaded/wallhaven_space/wallhaven-1pr3w1.png'
INFO: 2025-06-23 20:24:30,219: list_files() 'More than 1 files in the folders, stop listing'
INFO: 2025-06-23 20:24:31,694: reload() 'Reloading preferences dialog'
INFO: 2025-06-23 20:24:32,036: trigger_download() 'Triggering download thread to check if download needed and possible'
INFO: 2025-06-23 20:24:34,936: set_wallpaper() 'Calling set_wallpaper with /home/pd0rk1n/.config/variety/Downloaded/wallhaven_scifi/wallhaven-r7eg2m.jpg'
INFO: 2025-06-23 20:24:34,936: prepare_thread() 'Prepared buffer contains 90 images'
INFO: 2025-06-23 20:24:34,938: do_set_wp() 'Calling do_set_wp with /home/pd0rk1n/.config/variety/Downloaded/wallhaven_scifi/wallhaven-r7eg2m.jpg, time: 1750724674.938145'
INFO: 2025-06-23 20:24:34,938: apply_auto_rotate() 'ImageMagick auto-rotate cmd: convert /home/pd0rk1n/.config/variety/Downloaded/wallhaven_scifi/wallhaven-r7eg2m.jpg -auto-orient /home/pd0rk1n/.config/variety/wallpaper/wallpaper-auto-rotated-6bfd93c1cb865ea23a7f38c718f6aeb6.jpg'
INFO: 2025-06-23 20:24:35,027: update_indicator() 'Setting file info to: /home/pd0rk1n/.config/variety/Downloaded/wallhaven_scifi/wallhaven-r7eg2m.jpg'
INFO: 2025-06-23 20:24:35,028: list_files() 'More than 1 files in the folders, stop listing'
INFO: 2025-06-23 20:24:36,937: trigger_download() 'Triggering download thread to check if download needed and possible'
INFO: 2025-06-23 20:24:36,937: get_throttling() 'Wallhaven.cc: parsing serverside options'
INFO: 2025-06-23 20:24:36,937: get_throttling() 'Could not parse Wallhaven.cc serverside options, using defaults 360, 40'
INFO: 2025-06-23 20:24:36,938: get_throttling() 'Wallhaven.cc: parsing serverside options'
INFO: 2025-06-23 20:24:36,938: get_throttling() 'Could not parse Wallhaven.cc serverside options, using defaults 360, 40'
INFO: 2025-06-23 20:24:36,938: download_one() 'Wallhaven.cc: Downloading an image, config: scifi'
INFO: 2025-06-23 20:24:36,938: download_one() 'Wallhaven.cc: Queue size: 0'
INFO: 2025-06-23 20:24:36,938: get_throttling() 'Wallhaven.cc: parsing serverside options'
INFO: 2025-06-23 20:24:36,938: get_throttling() 'Could not parse Wallhaven.cc serverside options, using defaults 360, 40'
INFO: 2025-06-23 20:24:36,938: download_one() 'Wallhaven.cc: Filling queue'
INFO: 2025-06-23 20:24:36,938: search() 'Performing wallhaven search: url=https://wallhaven.cc/api/v1/search?q=scifi&categories=111&purity=100&sorting=favorites&order=desc'
INFO: 2025-06-23 20:24:36,938: trigger_download() 'Triggering download thread to check if download needed and possible'
INFO: 2025-06-23 20:24:37,276: fill_queue() '13014 wallpapers in result, using page 32'
INFO: 2025-06-23 20:24:37,276: search() 'Performing wallhaven search: url=https://wallhaven.cc/api/v1/search?q=scifi&categories=111&purity=100&sorting=favorites&order=desc&page=32'
INFO: 2025-06-23 20:24:37,487: download_one() 'Wallhaven.cc: Queue populated with 12 URLs'
INFO: 2025-06-23 20:24:37,487: download_queue_item() 'Wallpaper URL: https://wallhaven.cc/w/5w6p35'
INFO: 2025-06-23 20:24:37,487: download_queue_item() 'Image src URL: https://w.wallhaven.cc/full/5w/wallhaven-5w6p35.jpg'
INFO: 2025-06-23 20:24:37,640: save_locally() 'Origin URL: https://wallhaven.cc/w/5w6p35'
INFO: 2025-06-23 20:24:37,640: save_locally() 'Image URL: https://w.wallhaven.cc/full/5w/wallhaven-5w6p35.jpg'
INFO: 2025-06-23 20:24:37,640: save_locally() 'Local path: /home/pd0rk1n/.config/variety/Downloaded/wallhaven_scifi/wallhaven-5w6p35.jpg'
INFO: 2025-06-23 20:24:38,066: save_locally() 'Download complete'
INFO: 2025-06-23 20:24:38,067: update_indicator() 'Setting file info to: /home/pd0rk1n/.config/variety/Downloaded/wallhaven_space/wallhaven-1pr3w1.png'
INFO: 2025-06-23 20:24:38,068: list_files() 'More than 1 files in the folders, stop listing'
INFO: 2025-06-23 20:24:38,069: download_one_from() 'Adding downloaded file /home/pd0rk1n/.config/variety/Downloaded/wallhaven_scifi/wallhaven-5w6p35.jpg to unseen_downloads'
INFO: 2025-06-23 20:24:49,936: server_options_thread() 'Fetching server options from https://gist.githubusercontent.com/peterlevi/a7d1dbf3a4e76e15760a/raw/fab10d0ce5cfe66377e7c650be56edb497aabbd4/variety_server_options.json'
INFO: 2025-06-23 20:24:50,128: server_options_thread() 'Fetched server options: {'flickr': {'min_fill_queue_interval': 1200, 'min_download_interval': 1200}, 'wallbase': {'min_fill_queue_interval': 1800, 'min_download_interval': 1800}, 'wallhaven': {'min_fill_queue_interval': 1800, 'min_download_interval': 1800}, 'wallpapers.net': {'min_fill_queue_interval': 601, 'min_download_interval': 0}, 'unsplash': {'min_fill_queue_interval': 20000000000, 'min_download_interval': 20000000000}, 'unsplash_v2': {'min_fill_queue_interval': 3600, 'min_download_interval': 1800}, 'status_message': {'0.0.1': '', '*': ''}}'
INFO: 2025-06-23 20:34:39,677: regular_change_thread() 'regular_change changes wallpaper'
INFO: 2025-06-23 20:34:39,677: set_wallpaper() 'Calling set_wallpaper with /home/pd0rk1n/.config/variety/Downloaded/wallhaven_abstract/wallhaven-d6zwlj.jpg'
INFO: 2025-06-23 20:34:39,678: do_set_wp() 'Calling do_set_wp with /home/pd0rk1n/.config/variety/Downloaded/wallhaven_abstract/wallhaven-d6zwlj.jpg, time: 1750725279.678427'
INFO: 2025-06-23 20:34:39,678: prepare_thread() 'Prepared buffer contains 89 images'
INFO: 2025-06-23 20:34:39,681: apply_auto_rotate() 'ImageMagick auto-rotate cmd: convert /home/pd0rk1n/.config/variety/Downloaded/wallhaven_abstract/wallhaven-d6zwlj.jpg -auto-orient /home/pd0rk1n/.config/variety/wallpaper/wallpaper-auto-rotated-0e543d1b9bb29ee0ecdabec370c11647.jpg'
INFO: 2025-06-23 20:34:39,819: update_indicator() 'Setting file info to: /home/pd0rk1n/.config/variety/Downloaded/wallhaven_abstract/wallhaven-d6zwlj.jpg'
INFO: 2025-06-23 20:34:39,820: list_files() 'More than 1 files in the folders, stop listing'
INFO: 2025-06-23 20:34:41,681: trigger_download() 'Triggering download thread to check if download needed and possible'
INFO: 2025-06-23 20:44:43,690: regular_change_thread() 'regular_change changes wallpaper'
INFO: 2025-06-23 20:44:43,691: set_wallpaper() 'Calling set_wallpaper with /home/pd0rk1n/.config/variety/Downloaded/wallhaven_minimal/wallhaven-6od3px.jpg'
INFO: 2025-06-23 20:44:43,691: prepare_thread() 'Prepared buffer contains 89 images'
INFO: 2025-06-23 20:44:43,693: do_set_wp() 'Calling do_set_wp with /home/pd0rk1n/.config/variety/Downloaded/wallhaven_minimal/wallhaven-6od3px.jpg, time: 1750725883.6932752'
INFO: 2025-06-23 20:44:43,693: apply_auto_rotate() 'ImageMagick auto-rotate cmd: convert /home/pd0rk1n/.config/variety/Downloaded/wallhaven_minimal/wallhaven-6od3px.jpg -auto-orient /home/pd0rk1n/.config/variety/wallpaper/wallpaper-auto-rotated-b0bdc370af65f0f1a9299e65a7c1b2ac.jpg'
INFO: 2025-06-23 20:44:43,892: update_indicator() 'Setting file info to: /home/pd0rk1n/.config/variety/Downloaded/wallhaven_minimal/wallhaven-6od3px.jpg'
INFO: 2025-06-23 20:44:43,893: list_files() 'More than 1 files in the folders, stop listing'
INFO: 2025-06-23 20:44:45,692: trigger_download() 'Triggering download thread to check if download needed and possible'
INFO: 2025-06-23 20:44:45,692: get_throttling() 'Wallhaven.cc: parsing serverside options'
INFO: 2025-06-23 20:44:45,692: get_throttling() 'Wallhaven.cc serverside options: {'min_fill_queue_interval': 1800, 'min_download_interval': 1800}'
INFO: 2025-06-23 20:44:45,692: get_throttling() 'Wallhaven.cc: parsing serverside options'
INFO: 2025-06-23 20:44:45,693: get_throttling() 'Wallhaven.cc serverside options: {'min_fill_queue_interval': 1800, 'min_download_interval': 1800}'
INFO: 2025-06-23 20:44:45,693: download_one() 'Wallhaven.cc: Downloading an image, config: minimal'
INFO: 2025-06-23 20:44:45,693: download_one() 'Wallhaven.cc: Queue size: 0'
INFO: 2025-06-23 20:44:45,693: trigger_download() 'Triggering download thread to check if download needed and possible'
INFO: 2025-06-23 20:44:45,693: get_throttling() 'Wallhaven.cc: parsing serverside options'
INFO: 2025-06-23 20:44:45,693: get_throttling() 'Wallhaven.cc serverside options: {'min_fill_queue_interval': 1800, 'min_download_interval': 1800}'
INFO: 2025-06-23 20:44:45,693: download_one() 'Wallhaven.cc: Filling queue'
INFO: 2025-06-23 20:44:45,693: search() 'Performing wallhaven search: url=https://wallhaven.cc/api/v1/search?q=minimal&categories=111&purity=100&sorting=favorites&order=desc'
INFO: 2025-06-23 20:44:45,990: fill_queue() '22603 wallpapers in result, using page 15'
INFO: 2025-06-23 20:44:45,990: search() 'Performing wallhaven search: url=https://wallhaven.cc/api/v1/search?q=minimal&categories=111&purity=100&sorting=favorites&order=desc&page=15'
INFO: 2025-06-23 20:44:46,212: download_one() 'Wallhaven.cc: Queue populated with 12 URLs'
INFO: 2025-06-23 20:44:46,212: download_queue_item() 'Wallpaper URL: https://wallhaven.cc/w/vqz53m'
INFO: 2025-06-23 20:44:46,212: download_queue_item() 'Image src URL: https://w.wallhaven.cc/full/vq/wallhaven-vqz53m.jpg'
INFO: 2025-06-23 20:44:46,422: save_locally() 'Origin URL: https://wallhaven.cc/w/vqz53m'
INFO: 2025-06-23 20:44:46,422: save_locally() 'Image URL: https://w.wallhaven.cc/full/vq/wallhaven-vqz53m.jpg'
INFO: 2025-06-23 20:44:46,422: save_locally() 'Local path: /home/pd0rk1n/.config/variety/Downloaded/wallhaven_minimal/wallhaven-vqz53m.jpg'
INFO: 2025-06-23 20:44:46,900: save_locally() 'Download complete'
INFO: 2025-06-23 20:44:46,900: update_indicator() 'Setting file info to: /home/pd0rk1n/.config/variety/Downloaded/wallhaven_abstract/wallhaven-d6zwlj.jpg'
INFO: 2025-06-23 20:44:46,902: list_files() 'More than 1 files in the folders, stop listing'
INFO: 2025-06-23 20:44:46,902: download_one_from() 'Adding downloaded file /home/pd0rk1n/.config/variety/Downloaded/wallhaven_minimal/wallhaven-vqz53m.jpg to unseen_downloads'
INFO: 2025-06-23 20:54:47,713: regular_change_thread() 'regular_change changes wallpaper'
INFO: 2025-06-23 20:54:47,714: set_wallpaper() 'Calling set_wallpaper with /home/pd0rk1n/.config/variety/Downloaded/wallhaven_simple/wallhaven-qz782q.jpg'
INFO: 2025-06-23 20:54:47,714: prepare_thread() 'Prepared buffer contains 89 images'
INFO: 2025-06-23 20:54:47,716: do_set_wp() 'Calling do_set_wp with /home/pd0rk1n/.config/variety/Downloaded/wallhaven_simple/wallhaven-qz782q.jpg, time: 1750726487.7160115'
INFO: 2025-06-23 20:54:47,716: apply_auto_rotate() 'ImageMagick auto-rotate cmd: convert /home/pd0rk1n/.config/variety/Downloaded/wallhaven_simple/wallhaven-qz782q.jpg -auto-orient /home/pd0rk1n/.config/variety/wallpaper/wallpaper-auto-rotated-499c803a0d1d1c2649a7dd02ab24fc16.jpg'
INFO: 2025-06-23 20:54:48,063: update_indicator() 'Setting file info to: /home/pd0rk1n/.config/variety/Downloaded/wallhaven_simple/wallhaven-qz782q.jpg'
INFO: 2025-06-23 20:54:48,065: list_files() 'More than 1 files in the folders, stop listing'
INFO: 2025-06-23 20:54:49,715: trigger_download() 'Triggering download thread to check if download needed and possible'
INFO: 2025-06-23 20:54:49,715: get_throttling() 'Wallhaven.cc: parsing serverside options'
INFO: 2025-06-23 20:54:49,715: get_throttling() 'Wallhaven.cc serverside options: {'min_fill_queue_interval': 1800, 'min_download_interval': 1800}'
INFO: 2025-06-23 20:54:49,715: get_throttling() 'Wallhaven.cc: parsing serverside options'
INFO: 2025-06-23 20:54:49,715: get_throttling() 'Wallhaven.cc serverside options: {'min_fill_queue_interval': 1800, 'min_download_interval': 1800}'
INFO: 2025-06-23 20:54:49,715: download_one() 'Wallhaven.cc: Downloading an image, config: simple'
INFO: 2025-06-23 20:54:49,715: trigger_download() 'Triggering download thread to check if download needed and possible'
INFO: 2025-06-23 20:54:49,715: download_one() 'Wallhaven.cc: Queue size: 0'
INFO: 2025-06-23 20:54:49,716: get_throttling() 'Wallhaven.cc: parsing serverside options'
INFO: 2025-06-23 20:54:49,716: get_throttling() 'Wallhaven.cc serverside options: {'min_fill_queue_interval': 1800, 'min_download_interval': 1800}'
INFO: 2025-06-23 20:54:49,716: download_one() 'Wallhaven.cc: Filling queue'
INFO: 2025-06-23 20:54:49,716: search() 'Performing wallhaven search: url=https://wallhaven.cc/api/v1/search?q=simple&categories=111&purity=100&sorting=favorites&order=desc'
INFO: 2025-06-23 20:54:50,089: fill_queue() '70351 wallpapers in result, using page 21'
INFO: 2025-06-23 20:54:50,089: search() 'Performing wallhaven search: url=https://wallhaven.cc/api/v1/search?q=simple&categories=111&purity=100&sorting=favorites&order=desc&page=21'
INFO: 2025-06-23 20:54:50,345: download_one() 'Wallhaven.cc: Queue populated with 12 URLs'
INFO: 2025-06-23 20:54:50,345: download_queue_item() 'Wallpaper URL: https://wallhaven.cc/w/p9w9gp'
INFO: 2025-06-23 20:54:50,345: download_queue_item() 'Image src URL: https://w.wallhaven.cc/full/p9/wallhaven-p9w9gp.jpg'
INFO: 2025-06-23 20:54:50,519: save_locally() 'Origin URL: https://wallhaven.cc/w/p9w9gp'
INFO: 2025-06-23 20:54:50,519: save_locally() 'Image URL: https://w.wallhaven.cc/full/p9/wallhaven-p9w9gp.jpg'
INFO: 2025-06-23 20:54:50,519: save_locally() 'Local path: /home/pd0rk1n/.config/variety/Downloaded/wallhaven_simple/wallhaven-p9w9gp.jpg'
INFO: 2025-06-23 20:54:50,726: save_locally() 'Download complete'
INFO: 2025-06-23 20:54:50,726: update_indicator() 'Setting file info to: /home/pd0rk1n/.config/variety/Downloaded/wallhaven_minimal/wallhaven-6od3px.jpg'
INFO: 2025-06-23 20:54:50,727: list_files() 'More than 1 files in the folders, stop listing'
INFO: 2025-06-23 20:54:50,727: download_one_from() 'Adding downloaded file /home/pd0rk1n/.config/variety/Downloaded/wallhaven_simple/wallhaven-p9w9gp.jpg to unseen_downloads'
INFO: 2025-06-23 21:04:51,834: regular_change_thread() 'regular_change changes wallpaper'
INFO: 2025-06-23 21:04:51,835: set_wallpaper() 'Calling set_wallpaper with /home/pd0rk1n/.config/variety/Downloaded/wallhaven_scifi/wallhaven-8391j1.jpg'
INFO: 2025-06-23 21:04:51,835: prepare_thread() 'Prepared buffer contains 89 images'
INFO: 2025-06-23 21:04:51,837: do_set_wp() 'Calling do_set_wp with /home/pd0rk1n/.config/variety/Downloaded/wallhaven_scifi/wallhaven-8391j1.jpg, time: 1750727091.8372157'
INFO: 2025-06-23 21:04:51,837: apply_auto_rotate() 'ImageMagick auto-rotate cmd: convert /home/pd0rk1n/.config/variety/Downloaded/wallhaven_scifi/wallhaven-8391j1.jpg -auto-orient /home/pd0rk1n/.config/variety/wallpaper/wallpaper-auto-rotated-aa32092ecccb9c639d8bf1021ad35c6d.jpg'
INFO: 2025-06-23 21:04:52,226: update_indicator() 'Setting file info to: /home/pd0rk1n/.config/variety/Downloaded/wallhaven_scifi/wallhaven-8391j1.jpg'
INFO: 2025-06-23 21:04:52,228: list_files() 'More than 1 files in the folders, stop listing'
INFO: 2025-06-23 21:04:53,836: trigger_download() 'Triggering download thread to check if download needed and possible'
INFO: 2025-06-23 21:04:53,836: get_throttling() 'Wallhaven.cc: parsing serverside options'
INFO: 2025-06-23 21:04:53,836: get_throttling() 'Wallhaven.cc serverside options: {'min_fill_queue_interval': 1800, 'min_download_interval': 1800}'
INFO: 2025-06-23 21:04:53,836: get_throttling() 'Wallhaven.cc: parsing serverside options'
INFO: 2025-06-23 21:04:53,837: get_throttling() 'Wallhaven.cc serverside options: {'min_fill_queue_interval': 1800, 'min_download_interval': 1800}'
INFO: 2025-06-23 21:04:53,837: download_one() 'Wallhaven.cc: Downloading an image, config: scifi'
INFO: 2025-06-23 21:04:53,837: trigger_download() 'Triggering download thread to check if download needed and possible'
INFO: 2025-06-23 21:04:53,837: download_one() 'Wallhaven.cc: Queue size: 11'
INFO: 2025-06-23 21:04:53,837: download_one() 'Wallhaven.cc: Queue populated with 11 URLs'
INFO: 2025-06-23 21:04:53,837: download_queue_item() 'Wallpaper URL: https://wallhaven.cc/w/dpe8m3'
INFO: 2025-06-23 21:04:53,837: download_queue_item() 'Image src URL: https://w.wallhaven.cc/full/dp/wallhaven-dpe8m3.jpg'
INFO: 2025-06-23 21:04:53,982: save_locally() 'Origin URL: https://wallhaven.cc/w/dpe8m3'
INFO: 2025-06-23 21:04:53,982: save_locally() 'Image URL: https://w.wallhaven.cc/full/dp/wallhaven-dpe8m3.jpg'
INFO: 2025-06-23 21:04:53,982: save_locally() 'Local path: /home/pd0rk1n/.config/variety/Downloaded/wallhaven_scifi/wallhaven-dpe8m3.jpg'
INFO: 2025-06-23 21:04:54,185: save_locally() 'Download complete'
INFO: 2025-06-23 21:04:54,185: update_indicator() 'Setting file info to: /home/pd0rk1n/.config/variety/Downloaded/wallhaven_simple/wallhaven-qz782q.jpg'
INFO: 2025-06-23 21:04:54,186: list_files() 'More than 1 files in the folders, stop listing'
INFO: 2025-06-23 21:04:54,187: prepare_thread() 'Prepared buffer contains 89 images'
INFO: 2025-06-23 21:04:55,187: get_throttling() 'Wallhaven.cc: parsing serverside options'
INFO: 2025-06-23 21:04:55,187: get_throttling() 'Wallhaven.cc serverside options: {'min_fill_queue_interval': 1800, 'min_download_interval': 1800}'
INFO: 2025-06-23 21:04:55,187: get_throttling() 'Wallhaven.cc: parsing serverside options'
INFO: 2025-06-23 21:04:55,187: get_throttling() 'Wallhaven.cc serverside options: {'min_fill_queue_interval': 1800, 'min_download_interval': 1800}'
INFO: 2025-06-23 21:04:55,188: download_one() 'Wallhaven.cc: Downloading an image, config: scifi'
INFO: 2025-06-23 21:04:55,188: download_one() 'Wallhaven.cc: Queue size: 10'
INFO: 2025-06-23 21:04:55,188: download_one() 'Wallhaven.cc: Queue populated with 10 URLs'
INFO: 2025-06-23 21:04:55,188: download_queue_item() 'Wallpaper URL: https://wallhaven.cc/w/1kdjpv'
INFO: 2025-06-23 21:04:55,188: download_queue_item() 'Image src URL: https://w.wallhaven.cc/full/1k/wallhaven-1kdjpv.jpg'
INFO: 2025-06-23 21:04:55,326: save_locally() 'Origin URL: https://wallhaven.cc/w/1kdjpv'
INFO: 2025-06-23 21:04:55,326: save_locally() 'Image URL: https://w.wallhaven.cc/full/1k/wallhaven-1kdjpv.jpg'
INFO: 2025-06-23 21:04:55,326: save_locally() 'Local path: /home/pd0rk1n/.config/variety/Downloaded/wallhaven_scifi/wallhaven-1kdjpv.jpg'
INFO: 2025-06-23 21:04:55,532: save_locally() 'Download complete'
INFO: 2025-06-23 21:04:55,533: update_indicator() 'Setting file info to: /home/pd0rk1n/.config/variety/Downloaded/wallhaven_simple/wallhaven-qz782q.jpg'
INFO: 2025-06-23 21:04:55,534: list_files() 'More than 1 files in the folders, stop listing'
INFO: 2025-06-23 21:04:55,534: download_one_from() 'Adding downloaded file /home/pd0rk1n/.config/variety/Downloaded/wallhaven_scifi/wallhaven-1kdjpv.jpg to unseen_downloads'
INFO: 2025-06-23 21:04:56,187: trigger_download() 'Triggering download thread to check if download needed and possible'
